Archive member included because of file (symbol)

d:/embedded system course/tooling/sdk_win_64/sdk_win_64/winavr/bin/../lib/gcc/avr/4.3.3/avr5\libgcc.a(_mulsi3.o)
                              ./MCAL/Timer/Timer_Prog.o (__mulsi3)
d:/embedded system course/tooling/sdk_win_64/sdk_win_64/winavr/bin/../lib/gcc/avr/4.3.3/avr5\libgcc.a(_udivmodqi4.o)
                              ./MCAL/DIO/DIO_Prog.o (__udivmodqi4)
d:/embedded system course/tooling/sdk_win_64/sdk_win_64/winavr/bin/../lib/gcc/avr/4.3.3/avr5\libgcc.a(_udivmodsi4.o)
                              ./MCAL/Timer/Timer_Prog.o (__udivmodsi4)
d:/embedded system course/tooling/sdk_win_64/sdk_win_64/winavr/bin/../lib/gcc/avr/4.3.3/avr5\libgcc.a(_divmodsi4.o)
                              ./MCAL/Timer/Timer_Prog.o (__divmodsi4)
d:/embedded system course/tooling/sdk_win_64/sdk_win_64/winavr/bin/../lib/gcc/avr/4.3.3/avr5\libgcc.a(_exit.o)
                              d:/embedded system course/tooling/sdk_win_64/sdk_win_64/winavr/bin/../lib/gcc/avr/4.3.3/../../../../avr/lib/avr5/crtm32.o (exit)
d:/embedded system course/tooling/sdk_win_64/sdk_win_64/winavr/bin/../lib/gcc/avr/4.3.3/avr5\libgcc.a(_copy_data.o)
                              ./HAL/KeyPad/KeyPad_Prog.o (__do_copy_data)
d:/embedded system course/tooling/sdk_win_64/sdk_win_64/winavr/bin/../lib/gcc/avr/4.3.3/avr5\libgcc.a(_clear_bss.o)
                              ./MCAL/Timer/Timer_Prog.o (__do_clear_bss)
d:/embedded system course/tooling/sdk_win_64/sdk_win_64/winavr/bin/../lib/gcc/avr/4.3.3/avr5\libgcc.a(_fixunssfsi.o)
                              ./MCAL/Timer/Timer_Prog.o (__fixunssfsi)
d:/embedded system course/tooling/sdk_win_64/sdk_win_64/winavr/bin/../lib/gcc/avr/4.3.3/avr5\libgcc.a(_addsub_sf.o)
                              ./MCAL/Timer/Timer_Prog.o (__subsf3)
d:/embedded system course/tooling/sdk_win_64/sdk_win_64/winavr/bin/../lib/gcc/avr/4.3.3/avr5\libgcc.a(_mul_sf.o)
                              ./MCAL/Timer/Timer_Prog.o (__mulsf3)
d:/embedded system course/tooling/sdk_win_64/sdk_win_64/winavr/bin/../lib/gcc/avr/4.3.3/avr5\libgcc.a(_div_sf.o)
                              ./MCAL/Timer/Timer_Prog.o (__divsf3)
d:/embedded system course/tooling/sdk_win_64/sdk_win_64/winavr/bin/../lib/gcc/avr/4.3.3/avr5\libgcc.a(_ge_sf.o)
                              d:/embedded system course/tooling/sdk_win_64/sdk_win_64/winavr/bin/../lib/gcc/avr/4.3.3/avr5\libgcc.a(_fixunssfsi.o) (__gesf2)
d:/embedded system course/tooling/sdk_win_64/sdk_win_64/winavr/bin/../lib/gcc/avr/4.3.3/avr5\libgcc.a(_si_to_sf.o)
                              ./HAL/Servo/Servo_Prog.o (__floatsisf)
d:/embedded system course/tooling/sdk_win_64/sdk_win_64/winavr/bin/../lib/gcc/avr/4.3.3/avr5\libgcc.a(_sf_to_si.o)
                              d:/embedded system course/tooling/sdk_win_64/sdk_win_64/winavr/bin/../lib/gcc/avr/4.3.3/avr5\libgcc.a(_fixunssfsi.o) (__fixsfsi)
d:/embedded system course/tooling/sdk_win_64/sdk_win_64/winavr/bin/../lib/gcc/avr/4.3.3/avr5\libgcc.a(_thenan_sf.o)
                              d:/embedded system course/tooling/sdk_win_64/sdk_win_64/winavr/bin/../lib/gcc/avr/4.3.3/avr5\libgcc.a(_addsub_sf.o) (__thenan_sf)
d:/embedded system course/tooling/sdk_win_64/sdk_win_64/winavr/bin/../lib/gcc/avr/4.3.3/avr5\libgcc.a(_usi_to_sf.o)
                              ./MCAL/Timer/Timer_Prog.o (__floatunsisf)
d:/embedded system course/tooling/sdk_win_64/sdk_win_64/winavr/bin/../lib/gcc/avr/4.3.3/avr5\libgcc.a(_prologue.o)
                              d:/embedded system course/tooling/sdk_win_64/sdk_win_64/winavr/bin/../lib/gcc/avr/4.3.3/avr5\libgcc.a(_addsub_sf.o) (__prologue_saves__)
d:/embedded system course/tooling/sdk_win_64/sdk_win_64/winavr/bin/../lib/gcc/avr/4.3.3/avr5\libgcc.a(_epilogue.o)
                              d:/embedded system course/tooling/sdk_win_64/sdk_win_64/winavr/bin/../lib/gcc/avr/4.3.3/avr5\libgcc.a(_addsub_sf.o) (__epilogue_restores__)
d:/embedded system course/tooling/sdk_win_64/sdk_win_64/winavr/bin/../lib/gcc/avr/4.3.3/avr5\libgcc.a(_clzsi2.o)
                              d:/embedded system course/tooling/sdk_win_64/sdk_win_64/winavr/bin/../lib/gcc/avr/4.3.3/avr5\libgcc.a(_si_to_sf.o) (__clzsi2)
d:/embedded system course/tooling/sdk_win_64/sdk_win_64/winavr/bin/../lib/gcc/avr/4.3.3/avr5\libgcc.a(_pack_sf.o)
                              d:/embedded system course/tooling/sdk_win_64/sdk_win_64/winavr/bin/../lib/gcc/avr/4.3.3/avr5\libgcc.a(_addsub_sf.o) (__pack_f)
d:/embedded system course/tooling/sdk_win_64/sdk_win_64/winavr/bin/../lib/gcc/avr/4.3.3/avr5\libgcc.a(_unpack_sf.o)
                              d:/embedded system course/tooling/sdk_win_64/sdk_win_64/winavr/bin/../lib/gcc/avr/4.3.3/avr5\libgcc.a(_addsub_sf.o) (__unpack_f)
d:/embedded system course/tooling/sdk_win_64/sdk_win_64/winavr/bin/../lib/gcc/avr/4.3.3/avr5\libgcc.a(_fpcmp_parts_sf.o)
                              d:/embedded system course/tooling/sdk_win_64/sdk_win_64/winavr/bin/../lib/gcc/avr/4.3.3/avr5\libgcc.a(_ge_sf.o) (__fpcmp_parts_f)
d:/embedded system course/tooling/sdk_win_64/sdk_win_64/winavr/bin/../lib/gcc/avr/4.3.3/avr5\libgcc.a(_clz.o)
                              d:/embedded system course/tooling/sdk_win_64/sdk_win_64/winavr/bin/../lib/gcc/avr/4.3.3/avr5\libgcc.a(_clzsi2.o) (__clz_tab)

Allocating common symbols
Common symbol       size              file

Timer2_CallBack     0x2               ./MCAL/Timer/Timer_Prog.o
Timer1_CallBack     0x2               ./MCAL/Timer/Timer_Prog.o
Timer0_CallBack     0x2               ./MCAL/Timer/Timer_Prog.o
EXT_INT_CallBack    0x2               ./MCAL/EXT_INT/EXT_INT_Prog.o

Memory Configuration

Name             Origin             Length             Attributes
text             0x00000000         0x00020000         xr
data             0x00800060         0x0000ffa0         rw !x
eeprom           0x00810000         0x00010000         rw !x
fuse             0x00820000         0x00000400         rw !x
lock             0x00830000         0x00000400         rw !x
signature        0x00840000         0x00000400         rw !x
*default*        0x00000000         0xffffffff

Linker script and memory map

LOAD d:/embedded system course/tooling/sdk_win_64/sdk_win_64/winavr/bin/../lib/gcc/avr/4.3.3/../../../../avr/lib/avr5/crtm32.o
LOAD ./MCAL/WDT/WDT_Prog.o
LOAD ./MCAL/UART/UART_Prog.o
LOAD ./MCAL/Timer/Timer_Prog.o
LOAD ./MCAL/SPI/SPI_Prog.o
LOAD ./MCAL/I2C/I2C_Prog.o
LOAD ./MCAL/GIE/GIE_Prog.o
LOAD ./MCAL/EXT_INT/EXT_INT_Prog.o
LOAD ./MCAL/DIO/DIO_Prog.o
LOAD ./MCAL/ADC/ADC_Prog.o
LOAD ./HAL/Servo/Servo_Prog.o
LOAD ./HAL/SSD/SSD_Prog.o
LOAD ./HAL/PB/PB_Prog.o
LOAD ./HAL/LM35/LM35_Prog.o
LOAD ./HAL/LED/LED_Prog.o
LOAD ./HAL/LCD/LCD_Prog.o
LOAD ./HAL/KeyPad/KeyPad_Prog.o
LOAD ./HAL/DCMotor/DCMotor_prog.o
LOAD ./HAL/Buzzer/Buzzer_Prog.o
LOAD ./HAL/AT24C16A/AT24C16A_Prog.o
LOAD ./APP/Projects/Project.o
LOAD ./APP/main.o
LOAD d:/embedded system course/tooling/sdk_win_64/sdk_win_64/winavr/bin/../lib/gcc/avr/4.3.3/avr5\libgcc.a
LOAD d:/embedded system course/tooling/sdk_win_64/sdk_win_64/winavr/bin/../lib/gcc/avr/4.3.3/../../../../avr/lib/avr5\libc.a
LOAD d:/embedded system course/tooling/sdk_win_64/sdk_win_64/winavr/bin/../lib/gcc/avr/4.3.3/avr5\libgcc.a

.hash
 *(.hash)

.dynsym
 *(.dynsym)

.dynstr
 *(.dynstr)

.gnu.version
 *(.gnu.version)

.gnu.version_d
 *(.gnu.version_d)

.gnu.version_r
 *(.gnu.version_r)

.rel.init
 *(.rel.init)

.rela.init
 *(.rela.init)

.rel.text
 *(.rel.text)
 *(.rel.text.*)
 *(.rel.gnu.linkonce.t*)

.rela.text
 *(.rela.text)
 *(.rela.text.*)
 *(.rela.gnu.linkonce.t*)

.rel.fini
 *(.rel.fini)

.rela.fini
 *(.rela.fini)

.rel.rodata
 *(.rel.rodata)
 *(.rel.rodata.*)
 *(.rel.gnu.linkonce.r*)

.rela.rodata
 *(.rela.rodata)
 *(.rela.rodata.*)
 *(.rela.gnu.linkonce.r*)

.rel.data
 *(.rel.data)
 *(.rel.data.*)
 *(.rel.gnu.linkonce.d*)

.rela.data
 *(.rela.data)
 *(.rela.data.*)
 *(.rela.gnu.linkonce.d*)

.rel.ctors
 *(.rel.ctors)

.rela.ctors
 *(.rela.ctors)

.rel.dtors
 *(.rel.dtors)

.rela.dtors
 *(.rela.dtors)

.rel.got
 *(.rel.got)

.rela.got
 *(.rela.got)

.rel.bss
 *(.rel.bss)

.rela.bss
 *(.rela.bss)

.rel.plt
 *(.rel.plt)

.rela.plt
 *(.rela.plt)

.text           0x00000000     0x25a2
 *(.vectors)
 .vectors       0x00000000       0x54 d:/embedded system course/tooling/sdk_win_64/sdk_win_64/winavr/bin/../lib/gcc/avr/4.3.3/../../../../avr/lib/avr5/crtm32.o
                0x00000000                __vectors
                0x00000000                __vector_default
 *(.vectors)
 *(.progmem.gcc*)
 *(.progmem*)
                0x00000054                . = ALIGN (0x2)
                0x00000054                __trampolines_start = .
 *(.trampolines)
 .trampolines   0x00000054        0x0 linker stubs
 *(.trampolines*)
                0x00000054                __trampolines_end = .
 *(.jumptables)
 *(.jumptables*)
 *(.lowtext)
 *(.lowtext*)
                0x00000054                __ctors_start = .
 *(.ctors)
                0x00000054                __ctors_end = .
                0x00000054                __dtors_start = .
 *(.dtors)
                0x00000054                __dtors_end = .
 SORT(*)(.ctors)
 SORT(*)(.dtors)
 *(.init0)
 .init0         0x00000054        0x0 d:/embedded system course/tooling/sdk_win_64/sdk_win_64/winavr/bin/../lib/gcc/avr/4.3.3/../../../../avr/lib/avr5/crtm32.o
                0x00000054                __init
 *(.init0)
 *(.init1)
 *(.init1)
 *(.init2)
 .init2         0x00000054        0xc d:/embedded system course/tooling/sdk_win_64/sdk_win_64/winavr/bin/../lib/gcc/avr/4.3.3/../../../../avr/lib/avr5/crtm32.o
 *(.init2)
 *(.init3)
 *(.init3)
 *(.init4)
 .init4         0x00000060       0x16 d:/embedded system course/tooling/sdk_win_64/sdk_win_64/winavr/bin/../lib/gcc/avr/4.3.3/avr5\libgcc.a(_copy_data.o)
                0x00000060                __do_copy_data
 .init4         0x00000076       0x10 d:/embedded system course/tooling/sdk_win_64/sdk_win_64/winavr/bin/../lib/gcc/avr/4.3.3/avr5\libgcc.a(_clear_bss.o)
                0x00000076                __do_clear_bss
 *(.init4)
 *(.init5)
 *(.init5)
 *(.init6)
 *(.init6)
 *(.init7)
 *(.init7)
 *(.init8)
 *(.init8)
 *(.init9)
 .init9         0x00000086        0x8 d:/embedded system course/tooling/sdk_win_64/sdk_win_64/winavr/bin/../lib/gcc/avr/4.3.3/../../../../avr/lib/avr5/crtm32.o
 *(.init9)
 *(.text)
 .text          0x0000008e        0x4 d:/embedded system course/tooling/sdk_win_64/sdk_win_64/winavr/bin/../lib/gcc/avr/4.3.3/../../../../avr/lib/avr5/crtm32.o
                0x0000008e                __vector_12
                0x0000008e                __bad_interrupt
                0x0000008e                __vector_6
                0x0000008e                __vector_11
                0x0000008e                __vector_13
                0x0000008e                __vector_17
                0x0000008e                __vector_19
                0x0000008e                __vector_7
                0x0000008e                __vector_5
                0x0000008e                __vector_4
                0x0000008e                __vector_9
                0x0000008e                __vector_15
                0x0000008e                __vector_8
                0x0000008e                __vector_14
                0x0000008e                __vector_16
                0x0000008e                __vector_18
                0x0000008e                __vector_20
 .text          0x00000092        0x0 ./MCAL/WDT/WDT_Prog.o
 .text          0x00000092        0x0 ./MCAL/UART/UART_Prog.o
 .text          0x00000092        0x0 ./MCAL/Timer/Timer_Prog.o
 .text          0x00000092        0x0 ./MCAL/SPI/SPI_Prog.o
 .text          0x00000092        0x0 ./MCAL/I2C/I2C_Prog.o
 .text          0x00000092        0x0 ./MCAL/GIE/GIE_Prog.o
 .text          0x00000092        0x0 ./MCAL/EXT_INT/EXT_INT_Prog.o
 .text          0x00000092        0x0 ./MCAL/DIO/DIO_Prog.o
 .text          0x00000092        0x0 ./MCAL/ADC/ADC_Prog.o
 .text          0x00000092        0x0 ./HAL/Servo/Servo_Prog.o
 .text          0x00000092        0x0 ./HAL/SSD/SSD_Prog.o
 .text          0x00000092        0x0 ./HAL/PB/PB_Prog.o
 .text          0x00000092        0x0 ./HAL/LM35/LM35_Prog.o
 .text          0x00000092        0x0 ./HAL/LED/LED_Prog.o
 .text          0x00000092        0x0 ./HAL/LCD/LCD_Prog.o
 .text          0x00000092        0x0 ./HAL/KeyPad/KeyPad_Prog.o
 .text          0x00000092        0x0 ./HAL/DCMotor/DCMotor_prog.o
 .text          0x00000092        0x0 ./HAL/Buzzer/Buzzer_Prog.o
 .text          0x00000092        0x0 ./HAL/AT24C16A/AT24C16A_Prog.o
 .text          0x00000092        0x0 ./APP/Projects/Project.o
 .text          0x00000092        0x0 ./APP/main.o
 .text          0x00000092        0x0 d:/embedded system course/tooling/sdk_win_64/sdk_win_64/winavr/bin/../lib/gcc/avr/4.3.3/avr5\libgcc.a(_mulsi3.o)
 .text          0x00000092        0x0 d:/embedded system course/tooling/sdk_win_64/sdk_win_64/winavr/bin/../lib/gcc/avr/4.3.3/avr5\libgcc.a(_udivmodqi4.o)
 .text          0x00000092        0x0 d:/embedded system course/tooling/sdk_win_64/sdk_win_64/winavr/bin/../lib/gcc/avr/4.3.3/avr5\libgcc.a(_udivmodsi4.o)
 .text          0x00000092        0x0 d:/embedded system course/tooling/sdk_win_64/sdk_win_64/winavr/bin/../lib/gcc/avr/4.3.3/avr5\libgcc.a(_divmodsi4.o)
 .text          0x00000092        0x0 d:/embedded system course/tooling/sdk_win_64/sdk_win_64/winavr/bin/../lib/gcc/avr/4.3.3/avr5\libgcc.a(_exit.o)
 .text          0x00000092        0x0 d:/embedded system course/tooling/sdk_win_64/sdk_win_64/winavr/bin/../lib/gcc/avr/4.3.3/avr5\libgcc.a(_copy_data.o)
 .text          0x00000092        0x0 d:/embedded system course/tooling/sdk_win_64/sdk_win_64/winavr/bin/../lib/gcc/avr/4.3.3/avr5\libgcc.a(_clear_bss.o)
 .text          0x00000092       0x58 d:/embedded system course/tooling/sdk_win_64/sdk_win_64/winavr/bin/../lib/gcc/avr/4.3.3/avr5\libgcc.a(_fixunssfsi.o)
                0x00000092                __fixunssfsi
 .text          0x000000ea      0x354 d:/embedded system course/tooling/sdk_win_64/sdk_win_64/winavr/bin/../lib/gcc/avr/4.3.3/avr5\libgcc.a(_addsub_sf.o)
                0x00000382                __subsf3
                0x000003e4                __addsf3
 .text          0x0000043e      0x1f4 d:/embedded system course/tooling/sdk_win_64/sdk_win_64/winavr/bin/../lib/gcc/avr/4.3.3/avr5\libgcc.a(_mul_sf.o)
                0x0000043e                __mulsf3
 .text          0x00000632      0x158 d:/embedded system course/tooling/sdk_win_64/sdk_win_64/winavr/bin/../lib/gcc/avr/4.3.3/avr5\libgcc.a(_div_sf.o)
                0x00000632                __divsf3
 .text          0x0000078a       0x60 d:/embedded system course/tooling/sdk_win_64/sdk_win_64/winavr/bin/../lib/gcc/avr/4.3.3/avr5\libgcc.a(_ge_sf.o)
                0x0000078a                __gesf2
 .text          0x000007ea       0xbc d:/embedded system course/tooling/sdk_win_64/sdk_win_64/winavr/bin/../lib/gcc/avr/4.3.3/avr5\libgcc.a(_si_to_sf.o)
                0x000007ea                __floatsisf
 .text          0x000008a6       0xa8 d:/embedded system course/tooling/sdk_win_64/sdk_win_64/winavr/bin/../lib/gcc/avr/4.3.3/avr5\libgcc.a(_sf_to_si.o)
                0x000008a6                __fixsfsi
 .text          0x0000094e        0x0 d:/embedded system course/tooling/sdk_win_64/sdk_win_64/winavr/bin/../lib/gcc/avr/4.3.3/avr5\libgcc.a(_thenan_sf.o)
 .text          0x0000094e       0xf2 d:/embedded system course/tooling/sdk_win_64/sdk_win_64/winavr/bin/../lib/gcc/avr/4.3.3/avr5\libgcc.a(_usi_to_sf.o)
                0x0000094e                __floatunsisf
 .text          0x00000a40        0x0 d:/embedded system course/tooling/sdk_win_64/sdk_win_64/winavr/bin/../lib/gcc/avr/4.3.3/avr5\libgcc.a(_prologue.o)
 .text          0x00000a40        0x0 d:/embedded system course/tooling/sdk_win_64/sdk_win_64/winavr/bin/../lib/gcc/avr/4.3.3/avr5\libgcc.a(_epilogue.o)
 .text          0x00000a40       0x9e d:/embedded system course/tooling/sdk_win_64/sdk_win_64/winavr/bin/../lib/gcc/avr/4.3.3/avr5\libgcc.a(_clzsi2.o)
                0x00000a40                __clzsi2
 .text          0x00000ade      0x1aa d:/embedded system course/tooling/sdk_win_64/sdk_win_64/winavr/bin/../lib/gcc/avr/4.3.3/avr5\libgcc.a(_pack_sf.o)
                0x00000ade                __pack_f
 .text          0x00000c88       0xf0 d:/embedded system course/tooling/sdk_win_64/sdk_win_64/winavr/bin/../lib/gcc/avr/4.3.3/avr5\libgcc.a(_unpack_sf.o)
                0x00000c88                __unpack_f
 .text          0x00000d78       0xb2 d:/embedded system course/tooling/sdk_win_64/sdk_win_64/winavr/bin/../lib/gcc/avr/4.3.3/avr5\libgcc.a(_fpcmp_parts_sf.o)
                0x00000d78                __fpcmp_parts_f
 .text          0x00000e2a        0x0 d:/embedded system course/tooling/sdk_win_64/sdk_win_64/winavr/bin/../lib/gcc/avr/4.3.3/avr5\libgcc.a(_clz.o)
                0x00000e2a                . = ALIGN (0x2)
 *(.text.*)
 .text.M_WDT_Void_WDTInit
                0x00000e2a       0x1e ./MCAL/WDT/WDT_Prog.o
                0x00000e2a                M_WDT_Void_WDTInit
 .text.M_WDT_Void_WDTRefresh
                0x00000e48        0x4 ./MCAL/WDT/WDT_Prog.o
                0x00000e48                M_WDT_Void_WDTRefresh
 .text.M_UART_Void_UARTSend
                0x00000e4c       0x2e ./MCAL/UART/UART_Prog.o
                0x00000e4c                M_UART_Void_UARTSend
 .text.M_UART_Void_UARTRec
                0x00000e7a       0x2e ./MCAL/UART/UART_Prog.o
                0x00000e7a                M_UART_Void_UARTRec
 .text.M_UART_Void_UARTInit
                0x00000ea8       0x30 ./MCAL/UART/UART_Prog.o
                0x00000ea8                M_UART_Void_UARTInit
 .text.M_Timer_Void_TimerInit
                0x00000ed8       0x20 ./MCAL/Timer/Timer_Prog.o
                0x00000ed8                M_Timer_Void_TimerInit
 .text.M_Timer_Void_TimerSetTime
                0x00000ef8       0xca ./MCAL/Timer/Timer_Prog.o
                0x00000ef8                M_Timer_Void_TimerSetTime
 .text.M_Timer_Void_TimerSart
                0x00000fc2       0x3a ./MCAL/Timer/Timer_Prog.o
                0x00000fc2                M_Timer_Void_TimerSart
 .text.M_Timer_Void_TimerStop
                0x00000ffc       0x3a ./MCAL/Timer/Timer_Prog.o
                0x00000ffc                M_Timer_Void_TimerStop
 .text.M_Timer_Void_PWMSetDutyCycle
                0x00001036       0x78 ./MCAL/Timer/Timer_Prog.o
                0x00001036                M_Timer_Void_PWMSetDutyCycle
 .text.M_Timer_Void_PWMSetFrequency
                0x000010ae       0x1a ./MCAL/Timer/Timer_Prog.o
                0x000010ae                M_Timer_Void_PWMSetFrequency
 .text.M_Timer_Void_PWMStart
                0x000010c8        0x6 ./MCAL/Timer/Timer_Prog.o
                0x000010c8                M_Timer_Void_PWMStart
 .text.M_Timer_Void_PWMStop
                0x000010ce        0x6 ./MCAL/Timer/Timer_Prog.o
                0x000010ce                M_Timer_Void_PWMStop
 .text.M_TIMER_Void_SetCallBack
                0x000010d4       0x2c ./MCAL/Timer/Timer_Prog.o
                0x000010d4                M_TIMER_Void_SetCallBack
 .text.__vector_10
                0x00001100       0x9e ./MCAL/Timer/Timer_Prog.o
                0x00001100                __vector_10
 .text.M_Timer_Void_PWMInit
                0x0000119e       0x62 ./MCAL/Timer/Timer_Prog.o
                0x0000119e                M_Timer_Void_PWMInit
 .text.M_SPI_U8_SPITranseive
                0x00001200       0x30 ./MCAL/SPI/SPI_Prog.o
                0x00001200                M_SPI_U8_SPITranseive
 .text.M_SPI_Void_SPIInit
                0x00001230       0x50 ./MCAL/SPI/SPI_Prog.o
                0x00001230                M_SPI_Void_SPIInit
 .text.M_I2C_Void_I2CInit
                0x00001280       0x10 ./MCAL/I2C/I2C_Prog.o
                0x00001280                M_I2C_Void_I2CInit
 .text.M_I2C_Void_StartCondition
                0x00001290       0x24 ./MCAL/I2C/I2C_Prog.o
                0x00001290                M_I2C_Void_StartCondition
 .text.M_I2C_Void_StopCondition
                0x000012b4       0x12 ./MCAL/I2C/I2C_Prog.o
                0x000012b4                M_I2C_Void_StopCondition
 .text.M_I2C_Void_RepeatedStart
                0x000012c6       0x24 ./MCAL/I2C/I2C_Prog.o
                0x000012c6                M_I2C_Void_RepeatedStart
 .text.M_I2C_Void_SendSlaveAddressWrite
                0x000012ea       0x22 ./MCAL/I2C/I2C_Prog.o
                0x000012ea                M_I2C_Void_SendSlaveAddressWrite
 .text.M_I2C_Void_SendSlaveAddressRead
                0x0000130c       0x30 ./MCAL/I2C/I2C_Prog.o
                0x0000130c                M_I2C_Void_SendSlaveAddressRead
 .text.M_I2C_Void_SendByte
                0x0000133c       0x26 ./MCAL/I2C/I2C_Prog.o
                0x0000133c                M_I2C_Void_SendByte
 .text.M_I2C_Void_ReadByte
                0x00001362       0x34 ./MCAL/I2C/I2C_Prog.o
                0x00001362                M_I2C_Void_ReadByte
 .text.M_GIE_Void_GlobalInterruptEnable
                0x00001396        0xc ./MCAL/GIE/GIE_Prog.o
                0x00001396                M_GIE_Void_GlobalInterruptEnable
 .text.M_GIE_Void_GlobalInterruptDisable
                0x000013a2        0xc ./MCAL/GIE/GIE_Prog.o
                0x000013a2                M_GIE_Void_GlobalInterruptDisable
 .text.M_EXT_INT_Void_EXTInInit
                0x000013ae       0x56 ./MCAL/EXT_INT/EXT_INT_Prog.o
                0x000013ae                M_EXT_INT_Void_EXTInInit
 .text.M_EXT_INT_Void_SetCallBack
                0x00001404        0xa ./MCAL/EXT_INT/EXT_INT_Prog.o
                0x00001404                M_EXT_INT_Void_SetCallBack
 .text.__vector_1
                0x0000140e       0x4e ./MCAL/EXT_INT/EXT_INT_Prog.o
                0x0000140e                __vector_1
 .text.__vector_2
                0x0000145c       0x14 ./MCAL/EXT_INT/EXT_INT_Prog.o
                0x0000145c                __vector_2
 .text.__vector_3
                0x00001470       0x14 ./MCAL/EXT_INT/EXT_INT_Prog.o
                0x00001470                __vector_3
 .text.M_DIO_Void_SetPinDirection
                0x00001484      0x12a ./MCAL/DIO/DIO_Prog.o
                0x00001484                M_DIO_Void_SetPinDirection
 .text.M_DIO_Void_SetPinValue
                0x000015ae      0x12a ./MCAL/DIO/DIO_Prog.o
                0x000015ae                M_DIO_Void_SetPinValue
 .text.M_DIO_Void_TogPin
                0x000016d8       0x90 ./MCAL/DIO/DIO_Prog.o
                0x000016d8                M_DIO_Void_TogPin
 .text.M_DIO_U8_GetPinValue
                0x00001768       0x72 ./MCAL/DIO/DIO_Prog.o
                0x00001768                M_DIO_U8_GetPinValue
 .text.M_DIO_Void_SetPinPullUpResistor
                0x000017da      0x12a ./MCAL/DIO/DIO_Prog.o
                0x000017da                M_DIO_Void_SetPinPullUpResistor
 .text.M_ADC_Void_ADCInit
                0x00001904       0x58 ./MCAL/ADC/ADC_Prog.o
                0x00001904                M_ADC_Void_ADCInit
 .text.M_ADC_Void_ADCRead
                0x0000195c       0xd8 ./MCAL/ADC/ADC_Prog.o
                0x0000195c                M_ADC_Void_ADCRead
 .text.H_Servo_Void_ServoSetStop
                0x00001a34        0x8 ./HAL/Servo/Servo_Prog.o
                0x00001a34                H_Servo_Void_ServoSetStop
 .text.H_Servo_Void_ServoSetStart
                0x00001a3c        0x8 ./HAL/Servo/Servo_Prog.o
                0x00001a3c                H_Servo_Void_ServoSetStart
 .text.H_Servo_Void_ServoSetAngel
                0x00001a44       0x42 ./HAL/Servo/Servo_Prog.o
                0x00001a44                H_Servo_Void_ServoSetAngel
 .text.H_Servo_Void_ServoInit
                0x00001a86        0xe ./HAL/Servo/Servo_Prog.o
                0x00001a86                H_Servo_Void_ServoInit
 .text.H_SSD_Void_SSDDigitDisplay
                0x00001a94      0x198 ./HAL/SSD/SSD_Prog.o
 .text.H_SSD_Void_SSDWriteNumber
                0x00001c2c       0x76 ./HAL/SSD/SSD_Prog.o
                0x00001c2c                H_SSD_Void_SSDWriteNumber
 .text.H_SSD_Void_SSDInit
                0x00001ca2       0x32 ./HAL/SSD/SSD_Prog.o
                0x00001ca2                H_SSD_Void_SSDInit
 .text.H_PB_U8_PBRead
                0x00001cd4       0xb8 ./HAL/PB/PB_Prog.o
                0x00001cd4                H_PB_U8_PBRead
 .text.H_PB_Void_PBInit
                0x00001d8c       0x2c ./HAL/PB/PB_Prog.o
                0x00001d8c                H_PB_Void_PBInit
 .text.H_LM35_Void_LM35Read
                0x00001db8       0x2c ./HAL/LM35/LM35_Prog.o
                0x00001db8                H_LM35_Void_LM35Read
 .text.H_LM35_Void_LM35Init
                0x00001de4        0x6 ./HAL/LM35/LM35_Prog.o
                0x00001de4                H_LM35_Void_LM35Init
 .text.H_LED_Void_LedTog
                0x00001dea       0x26 ./HAL/LED/LED_Prog.o
                0x00001dea                H_LED_Void_LedTog
 .text.H_LED_Void_LedSetOff
                0x00001e10       0x2c ./HAL/LED/LED_Prog.o
                0x00001e10                H_LED_Void_LedSetOff
 .text.H_LED_Void_LedSetOn
                0x00001e3c       0x2c ./HAL/LED/LED_Prog.o
                0x00001e3c                H_LED_Void_LedSetOn
 .text.H_LED_Void_LedInit
                0x00001e68       0x2c ./HAL/LED/LED_Prog.o
                0x00001e68                H_LED_Void_LedInit
 .text.H_LCD_Void_SetLCDPins
                0x00001e94       0x3c ./HAL/LCD/LCD_Prog.o
 .text.H_LCD_Void_LCDWriteCommand
                0x00001ed0       0x64 ./HAL/LCD/LCD_Prog.o
                0x00001ed0                H_LCD_Void_LCDWriteCommand
 .text.H_LCD_Void_LCDClear
                0x00001f34        0x8 ./HAL/LCD/LCD_Prog.o
                0x00001f34                H_LCD_Void_LCDClear
 .text.H_LCD_Void_LCDGoTo
                0x00001f3c       0x2a ./HAL/LCD/LCD_Prog.o
                0x00001f3c                H_LCD_Void_LCDGoTo
 .text.H_LCD_Void_LCDWriteCharacter
                0x00001f66       0x64 ./HAL/LCD/LCD_Prog.o
                0x00001f66                H_LCD_Void_LCDWriteCharacter
 .text.H_LCD_Void_LCDWriteNumber
                0x00001fca       0xe0 ./HAL/LCD/LCD_Prog.o
                0x00001fca                H_LCD_Void_LCDWriteNumber
 .text.H_LCD_Void_LCDWriteString
                0x000020aa       0x2a ./HAL/LCD/LCD_Prog.o
                0x000020aa                H_LCD_Void_LCDWriteString
 .text.H_LCD_Void_LCDInit
                0x000020d4       0x66 ./HAL/LCD/LCD_Prog.o
                0x000020d4                H_LCD_Void_LCDInit
 .text.H_KeyPad_Void_KeyPadRead
                0x0000213a       0xca ./HAL/KeyPad/KeyPad_Prog.o
                0x0000213a                H_KeyPad_Void_KeyPadRead
 .text.H_KeyPad_Void_KeyPadInit
                0x00002204       0x82 ./HAL/KeyPad/KeyPad_Prog.o
                0x00002204                H_KeyPad_Void_KeyPadInit
 .text.H_DCMotor_Void_DCMotorStop
                0x00002286        0x8 ./HAL/DCMotor/DCMotor_prog.o
                0x00002286                H_DCMotor_Void_DCMotorStop
 .text.H_DCMotor_Void_DCMotorStart
                0x0000228e        0x8 ./HAL/DCMotor/DCMotor_prog.o
                0x0000228e                H_DCMotor_Void_DCMotorStart
 .text.H_DCMotor_Void_DCMotorSetDirection
                0x00002296       0x2e ./HAL/DCMotor/DCMotor_prog.o
                0x00002296                H_DCMotor_Void_DCMotorSetDirection
 .text.H_DCMotor_Void_DCMotorSetSpeed
                0x000022c4       0x10 ./HAL/DCMotor/DCMotor_prog.o
                0x000022c4                H_DCMotor_Void_DCMotorSetSpeed
 .text.H_DCMotor_Void_DCMotorInit
                0x000022d4       0x18 ./HAL/DCMotor/DCMotor_prog.o
                0x000022d4                H_DCMotor_Void_DCMotorInit
 .text.H_Buzzer_Void_BuzzerOnce
                0x000022ec       0x26 ./HAL/Buzzer/Buzzer_Prog.o
                0x000022ec                H_Buzzer_Void_BuzzerOnce
 .text.H_Buzzer_Void_BuzzerSetOff
                0x00002312        0xa ./HAL/Buzzer/Buzzer_Prog.o
                0x00002312                H_Buzzer_Void_BuzzerSetOff
 .text.H_Buzzer_Void_BuzzerSetOn
                0x0000231c        0xa ./HAL/Buzzer/Buzzer_Prog.o
                0x0000231c                H_Buzzer_Void_BuzzerSetOn
 .text.H_Buzzer_Void_BuzzerInit
                0x00002326        0xa ./HAL/Buzzer/Buzzer_Prog.o
                0x00002326                H_Buzzer_Void_BuzzerInit
 .text.H_AT24C16A_Void_EEPROMRead
                0x00002330       0x36 ./HAL/AT24C16A/AT24C16A_Prog.o
                0x00002330                H_AT24C16A_Void_EEPROMRead
 .text.H_AT24C16A_Void_EEPROMWrite
                0x00002366       0x38 ./HAL/AT24C16A/AT24C16A_Prog.o
                0x00002366                H_AT24C16A_Void_EEPROMWrite
 .text.H_AT24C16A_Void_EEPROMInit
                0x0000239e       0x1a ./HAL/AT24C16A/AT24C16A_Prog.o
                0x0000239e                H_AT24C16A_Void_EEPROMInit
 .text.A_SSDProject
                0x000023b8       0x34 ./APP/Projects/Project.o
                0x000023b8                A_SSDProject
 .text.A_Timer1_Execution
                0x000023ec        0x8 ./APP/main.o
                0x000023ec                A_Timer1_Execution
 .text.A_Timer0_Execution
                0x000023f4        0x8 ./APP/main.o
                0x000023f4                A_Timer0_Execution
 .text.A_EXT_INT0_Execution
                0x000023fc        0xc ./APP/main.o
                0x000023fc                A_EXT_INT0_Execution
 .text.main     0x00002408       0x58 ./APP/main.o
                0x00002408                main
 .text.libgcc   0x00002460       0x3e d:/embedded system course/tooling/sdk_win_64/sdk_win_64/winavr/bin/../lib/gcc/avr/4.3.3/avr5\libgcc.a(_mulsi3.o)
                0x00002460                __mulsi3
 .text.libgcc   0x0000249e       0x18 d:/embedded system course/tooling/sdk_win_64/sdk_win_64/winavr/bin/../lib/gcc/avr/4.3.3/avr5\libgcc.a(_udivmodqi4.o)
                0x0000249e                __udivmodqi4
 .text.libgcc   0x000024b6       0x44 d:/embedded system course/tooling/sdk_win_64/sdk_win_64/winavr/bin/../lib/gcc/avr/4.3.3/avr5\libgcc.a(_udivmodsi4.o)
                0x000024b6                __udivmodsi4
 .text.libgcc   0x000024fa       0x36 d:/embedded system course/tooling/sdk_win_64/sdk_win_64/winavr/bin/../lib/gcc/avr/4.3.3/avr5\libgcc.a(_divmodsi4.o)
                0x000024fa                __divmodsi4
 .text.libgcc   0x00002530        0x0 d:/embedded system course/tooling/sdk_win_64/sdk_win_64/winavr/bin/../lib/gcc/avr/4.3.3/avr5\libgcc.a(_exit.o)
 .text.libgcc   0x00002530        0x0 d:/embedded system course/tooling/sdk_win_64/sdk_win_64/winavr/bin/../lib/gcc/avr/4.3.3/avr5\libgcc.a(_copy_data.o)
 .text.libgcc   0x00002530        0x0 d:/embedded system course/tooling/sdk_win_64/sdk_win_64/winavr/bin/../lib/gcc/avr/4.3.3/avr5\libgcc.a(_clear_bss.o)
 .text.libgcc   0x00002530       0x38 d:/embedded system course/tooling/sdk_win_64/sdk_win_64/winavr/bin/../lib/gcc/avr/4.3.3/avr5\libgcc.a(_prologue.o)
                0x00002530                __prologue_saves__
 .text.libgcc   0x00002568       0x36 d:/embedded system course/tooling/sdk_win_64/sdk_win_64/winavr/bin/../lib/gcc/avr/4.3.3/avr5\libgcc.a(_epilogue.o)
                0x00002568                __epilogue_restores__
                0x0000259e                . = ALIGN (0x2)
 *(.fini9)
 .fini9         0x0000259e        0x0 d:/embedded system course/tooling/sdk_win_64/sdk_win_64/winavr/bin/../lib/gcc/avr/4.3.3/avr5\libgcc.a(_exit.o)
                0x0000259e                exit
                0x0000259e                _exit
 *(.fini9)
 *(.fini8)
 *(.fini8)
 *(.fini7)
 *(.fini7)
 *(.fini6)
 *(.fini6)
 *(.fini5)
 *(.fini5)
 *(.fini4)
 *(.fini4)
 *(.fini3)
 *(.fini3)
 *(.fini2)
 *(.fini2)
 *(.fini1)
 *(.fini1)
 *(.fini0)
 .fini0         0x0000259e        0x4 d:/embedded system course/tooling/sdk_win_64/sdk_win_64/winavr/bin/../lib/gcc/avr/4.3.3/avr5\libgcc.a(_exit.o)
 *(.fini0)
                0x000025a2                _etext = .

.data           0x00800060      0x118 load address 0x000025a2
                0x00800060                PROVIDE (__data_start, .)
 *(.data)
 .data          0x00800060        0x0 d:/embedded system course/tooling/sdk_win_64/sdk_win_64/winavr/bin/../lib/gcc/avr/4.3.3/../../../../avr/lib/avr5/crtm32.o
 .data          0x00800060        0x0 ./MCAL/WDT/WDT_Prog.o
 .data          0x00800060        0x0 ./MCAL/UART/UART_Prog.o
 .data          0x00800060        0x0 ./MCAL/Timer/Timer_Prog.o
 .data          0x00800060        0x0 ./MCAL/SPI/SPI_Prog.o
 .data          0x00800060        0x0 ./MCAL/I2C/I2C_Prog.o
 .data          0x00800060        0x0 ./MCAL/GIE/GIE_Prog.o
 .data          0x00800060        0x0 ./MCAL/EXT_INT/EXT_INT_Prog.o
 .data          0x00800060        0x0 ./MCAL/DIO/DIO_Prog.o
 .data          0x00800060        0x0 ./MCAL/ADC/ADC_Prog.o
 .data          0x00800060        0x0 ./HAL/Servo/Servo_Prog.o
 .data          0x00800060        0x0 ./HAL/SSD/SSD_Prog.o
 .data          0x00800060        0x0 ./HAL/PB/PB_Prog.o
 .data          0x00800060        0x0 ./HAL/LM35/LM35_Prog.o
 .data          0x00800060        0x0 ./HAL/LED/LED_Prog.o
 .data          0x00800060        0x0 ./HAL/LCD/LCD_Prog.o
 .data          0x00800060        0x0 ./HAL/KeyPad/KeyPad_Prog.o
 .data          0x00800060        0x0 ./HAL/DCMotor/DCMotor_prog.o
 .data          0x00800060        0x0 ./HAL/Buzzer/Buzzer_Prog.o
 .data          0x00800060        0x0 ./HAL/AT24C16A/AT24C16A_Prog.o
 .data          0x00800060        0x0 ./APP/Projects/Project.o
 .data          0x00800060        0x0 ./APP/main.o
 .data          0x00800060        0x0 d:/embedded system course/tooling/sdk_win_64/sdk_win_64/winavr/bin/../lib/gcc/avr/4.3.3/avr5\libgcc.a(_mulsi3.o)
 .data          0x00800060        0x0 d:/embedded system course/tooling/sdk_win_64/sdk_win_64/winavr/bin/../lib/gcc/avr/4.3.3/avr5\libgcc.a(_udivmodqi4.o)
 .data          0x00800060        0x0 d:/embedded system course/tooling/sdk_win_64/sdk_win_64/winavr/bin/../lib/gcc/avr/4.3.3/avr5\libgcc.a(_udivmodsi4.o)
 .data          0x00800060        0x0 d:/embedded system course/tooling/sdk_win_64/sdk_win_64/winavr/bin/../lib/gcc/avr/4.3.3/avr5\libgcc.a(_divmodsi4.o)
 .data          0x00800060        0x0 d:/embedded system course/tooling/sdk_win_64/sdk_win_64/winavr/bin/../lib/gcc/avr/4.3.3/avr5\libgcc.a(_exit.o)
 .data          0x00800060        0x0 d:/embedded system course/tooling/sdk_win_64/sdk_win_64/winavr/bin/../lib/gcc/avr/4.3.3/avr5\libgcc.a(_copy_data.o)
 .data          0x00800060        0x0 d:/embedded system course/tooling/sdk_win_64/sdk_win_64/winavr/bin/../lib/gcc/avr/4.3.3/avr5\libgcc.a(_clear_bss.o)
 .data          0x00800060        0x0 d:/embedded system course/tooling/sdk_win_64/sdk_win_64/winavr/bin/../lib/gcc/avr/4.3.3/avr5\libgcc.a(_fixunssfsi.o)
 .data          0x00800060        0x0 d:/embedded system course/tooling/sdk_win_64/sdk_win_64/winavr/bin/../lib/gcc/avr/4.3.3/avr5\libgcc.a(_addsub_sf.o)
 .data          0x00800060        0x0 d:/embedded system course/tooling/sdk_win_64/sdk_win_64/winavr/bin/../lib/gcc/avr/4.3.3/avr5\libgcc.a(_mul_sf.o)
 .data          0x00800060        0x0 d:/embedded system course/tooling/sdk_win_64/sdk_win_64/winavr/bin/../lib/gcc/avr/4.3.3/avr5\libgcc.a(_div_sf.o)
 .data          0x00800060        0x0 d:/embedded system course/tooling/sdk_win_64/sdk_win_64/winavr/bin/../lib/gcc/avr/4.3.3/avr5\libgcc.a(_ge_sf.o)
 .data          0x00800060        0x0 d:/embedded system course/tooling/sdk_win_64/sdk_win_64/winavr/bin/../lib/gcc/avr/4.3.3/avr5\libgcc.a(_si_to_sf.o)
 .data          0x00800060        0x0 d:/embedded system course/tooling/sdk_win_64/sdk_win_64/winavr/bin/../lib/gcc/avr/4.3.3/avr5\libgcc.a(_sf_to_si.o)
 .data          0x00800060        0x8 d:/embedded system course/tooling/sdk_win_64/sdk_win_64/winavr/bin/../lib/gcc/avr/4.3.3/avr5\libgcc.a(_thenan_sf.o)
                0x00800060                __thenan_sf
 .data          0x00800068        0x0 d:/embedded system course/tooling/sdk_win_64/sdk_win_64/winavr/bin/../lib/gcc/avr/4.3.3/avr5\libgcc.a(_usi_to_sf.o)
 .data          0x00800068        0x0 d:/embedded system course/tooling/sdk_win_64/sdk_win_64/winavr/bin/../lib/gcc/avr/4.3.3/avr5\libgcc.a(_prologue.o)
 .data          0x00800068        0x0 d:/embedded system course/tooling/sdk_win_64/sdk_win_64/winavr/bin/../lib/gcc/avr/4.3.3/avr5\libgcc.a(_epilogue.o)
 .data          0x00800068        0x0 d:/embedded system course/tooling/sdk_win_64/sdk_win_64/winavr/bin/../lib/gcc/avr/4.3.3/avr5\libgcc.a(_clzsi2.o)
 .data          0x00800068        0x0 d:/embedded system course/tooling/sdk_win_64/sdk_win_64/winavr/bin/../lib/gcc/avr/4.3.3/avr5\libgcc.a(_pack_sf.o)
 .data          0x00800068        0x0 d:/embedded system course/tooling/sdk_win_64/sdk_win_64/winavr/bin/../lib/gcc/avr/4.3.3/avr5\libgcc.a(_unpack_sf.o)
 .data          0x00800068        0x0 d:/embedded system course/tooling/sdk_win_64/sdk_win_64/winavr/bin/../lib/gcc/avr/4.3.3/avr5\libgcc.a(_fpcmp_parts_sf.o)
 .data          0x00800068      0x100 d:/embedded system course/tooling/sdk_win_64/sdk_win_64/winavr/bin/../lib/gcc/avr/4.3.3/avr5\libgcc.a(_clz.o)
                0x00800068                __clz_tab
 *(.data*)
 *(.rodata)
 *(.rodata*)
 .rodata.C.0.1281
                0x00800168       0x10 ./HAL/KeyPad/KeyPad_Prog.o
 *(.gnu.linkonce.d*)
                0x00800178                . = ALIGN (0x2)
                0x00800178                _edata = .
                0x00800178                PROVIDE (__data_end, .)

.bss            0x00800178       0x15
                0x00800178                PROVIDE (__bss_start, .)
 *(.bss)
 .bss           0x00800178        0x0 d:/embedded system course/tooling/sdk_win_64/sdk_win_64/winavr/bin/../lib/gcc/avr/4.3.3/../../../../avr/lib/avr5/crtm32.o
 .bss           0x00800178        0x0 ./MCAL/WDT/WDT_Prog.o
 .bss           0x00800178        0x0 ./MCAL/UART/UART_Prog.o
 .bss           0x00800178        0x0 ./MCAL/Timer/Timer_Prog.o
 .bss           0x00800178        0x0 ./MCAL/SPI/SPI_Prog.o
 .bss           0x00800178        0x0 ./MCAL/I2C/I2C_Prog.o
 .bss           0x00800178        0x0 ./MCAL/GIE/GIE_Prog.o
 .bss           0x00800178        0x0 ./MCAL/EXT_INT/EXT_INT_Prog.o
 .bss           0x00800178        0x0 ./MCAL/DIO/DIO_Prog.o
 .bss           0x00800178        0x0 ./MCAL/ADC/ADC_Prog.o
 .bss           0x00800178        0x0 ./HAL/Servo/Servo_Prog.o
 .bss           0x00800178        0x0 ./HAL/SSD/SSD_Prog.o
 .bss           0x00800178        0x0 ./HAL/PB/PB_Prog.o
 .bss           0x00800178        0x0 ./HAL/LM35/LM35_Prog.o
 .bss           0x00800178        0x0 ./HAL/LED/LED_Prog.o
 .bss           0x00800178        0x0 ./HAL/LCD/LCD_Prog.o
 .bss           0x00800178        0x0 ./HAL/KeyPad/KeyPad_Prog.o
 .bss           0x00800178        0x0 ./HAL/DCMotor/DCMotor_prog.o
 .bss           0x00800178        0x0 ./HAL/Buzzer/Buzzer_Prog.o
 .bss           0x00800178        0x0 ./HAL/AT24C16A/AT24C16A_Prog.o
 .bss           0x00800178        0x0 ./APP/Projects/Project.o
 .bss           0x00800178        0x0 ./APP/main.o
 .bss           0x00800178        0x0 d:/embedded system course/tooling/sdk_win_64/sdk_win_64/winavr/bin/../lib/gcc/avr/4.3.3/avr5\libgcc.a(_mulsi3.o)
 .bss           0x00800178        0x0 d:/embedded system course/tooling/sdk_win_64/sdk_win_64/winavr/bin/../lib/gcc/avr/4.3.3/avr5\libgcc.a(_udivmodqi4.o)
 .bss           0x00800178        0x0 d:/embedded system course/tooling/sdk_win_64/sdk_win_64/winavr/bin/../lib/gcc/avr/4.3.3/avr5\libgcc.a(_udivmodsi4.o)
 .bss           0x00800178        0x0 d:/embedded system course/tooling/sdk_win_64/sdk_win_64/winavr/bin/../lib/gcc/avr/4.3.3/avr5\libgcc.a(_divmodsi4.o)
 .bss           0x00800178        0x0 d:/embedded system course/tooling/sdk_win_64/sdk_win_64/winavr/bin/../lib/gcc/avr/4.3.3/avr5\libgcc.a(_exit.o)
 .bss           0x00800178        0x0 d:/embedded system course/tooling/sdk_win_64/sdk_win_64/winavr/bin/../lib/gcc/avr/4.3.3/avr5\libgcc.a(_copy_data.o)
 .bss           0x00800178        0x0 d:/embedded system course/tooling/sdk_win_64/sdk_win_64/winavr/bin/../lib/gcc/avr/4.3.3/avr5\libgcc.a(_clear_bss.o)
 .bss           0x00800178        0x0 d:/embedded system course/tooling/sdk_win_64/sdk_win_64/winavr/bin/../lib/gcc/avr/4.3.3/avr5\libgcc.a(_fixunssfsi.o)
 .bss           0x00800178        0x0 d:/embedded system course/tooling/sdk_win_64/sdk_win_64/winavr/bin/../lib/gcc/avr/4.3.3/avr5\libgcc.a(_addsub_sf.o)
 .bss           0x00800178        0x0 d:/embedded system course/tooling/sdk_win_64/sdk_win_64/winavr/bin/../lib/gcc/avr/4.3.3/avr5\libgcc.a(_mul_sf.o)
 .bss           0x00800178        0x0 d:/embedded system course/tooling/sdk_win_64/sdk_win_64/winavr/bin/../lib/gcc/avr/4.3.3/avr5\libgcc.a(_div_sf.o)
 .bss           0x00800178        0x0 d:/embedded system course/tooling/sdk_win_64/sdk_win_64/winavr/bin/../lib/gcc/avr/4.3.3/avr5\libgcc.a(_ge_sf.o)
 .bss           0x00800178        0x0 d:/embedded system course/tooling/sdk_win_64/sdk_win_64/winavr/bin/../lib/gcc/avr/4.3.3/avr5\libgcc.a(_si_to_sf.o)
 .bss           0x00800178        0x0 d:/embedded system course/tooling/sdk_win_64/sdk_win_64/winavr/bin/../lib/gcc/avr/4.3.3/avr5\libgcc.a(_sf_to_si.o)
 .bss           0x00800178        0x0 d:/embedded system course/tooling/sdk_win_64/sdk_win_64/winavr/bin/../lib/gcc/avr/4.3.3/avr5\libgcc.a(_thenan_sf.o)
 .bss           0x00800178        0x0 d:/embedded system course/tooling/sdk_win_64/sdk_win_64/winavr/bin/../lib/gcc/avr/4.3.3/avr5\libgcc.a(_usi_to_sf.o)
 .bss           0x00800178        0x0 d:/embedded system course/tooling/sdk_win_64/sdk_win_64/winavr/bin/../lib/gcc/avr/4.3.3/avr5\libgcc.a(_prologue.o)
 .bss           0x00800178        0x0 d:/embedded system course/tooling/sdk_win_64/sdk_win_64/winavr/bin/../lib/gcc/avr/4.3.3/avr5\libgcc.a(_epilogue.o)
 .bss           0x00800178        0x0 d:/embedded system course/tooling/sdk_win_64/sdk_win_64/winavr/bin/../lib/gcc/avr/4.3.3/avr5\libgcc.a(_clzsi2.o)
 .bss           0x00800178        0x0 d:/embedded system course/tooling/sdk_win_64/sdk_win_64/winavr/bin/../lib/gcc/avr/4.3.3/avr5\libgcc.a(_pack_sf.o)
 .bss           0x00800178        0x0 d:/embedded system course/tooling/sdk_win_64/sdk_win_64/winavr/bin/../lib/gcc/avr/4.3.3/avr5\libgcc.a(_unpack_sf.o)
 .bss           0x00800178        0x0 d:/embedded system course/tooling/sdk_win_64/sdk_win_64/winavr/bin/../lib/gcc/avr/4.3.3/avr5\libgcc.a(_fpcmp_parts_sf.o)
 .bss           0x00800178        0x0 d:/embedded system course/tooling/sdk_win_64/sdk_win_64/winavr/bin/../lib/gcc/avr/4.3.3/avr5\libgcc.a(_clz.o)
 *(.bss*)
 .bss.Timer_U32_NumOfOverFlows
                0x00800178        0x4 ./MCAL/Timer/Timer_Prog.o
                0x00800178                Timer_U32_NumOfOverFlows
 .bss.Timer_U8_Timer_U8_REM_TICKS
                0x0080017c        0x1 ./MCAL/Timer/Timer_Prog.o
                0x0080017c                Timer_U8_Timer_U8_REM_TICKS
 .bss.Timer_U32_NumOfCompareMatch
                0x0080017d        0x4 ./MCAL/Timer/Timer_Prog.o
                0x0080017d                Timer_U32_NumOfCompareMatch
 .bss.Local_U32_Counter.1441
                0x00800181        0x4 ./MCAL/Timer/Timer_Prog.o
 *(COMMON)
 COMMON         0x00800185        0x6 ./MCAL/Timer/Timer_Prog.o
                0x00800185                Timer2_CallBack
                0x00800187                Timer1_CallBack
                0x00800189                Timer0_CallBack
 COMMON         0x0080018b        0x2 ./MCAL/EXT_INT/EXT_INT_Prog.o
                0x0080018b                EXT_INT_CallBack
                0x0080018d                PROVIDE (__bss_end, .)
                0x000025a2                __data_load_start = LOADADDR (.data)
                0x000026ba                __data_load_end = (__data_load_start + SIZEOF (.data))

.noinit         0x0080018d        0x0
                0x0080018d                PROVIDE (__noinit_start, .)
 *(.noinit*)
                0x0080018d                PROVIDE (__noinit_end, .)
                0x0080018d                _end = .
                0x0080018d                PROVIDE (__heap_start, .)

.eeprom         0x00810000        0x0
 *(.eeprom*)
                0x00810000                __eeprom_end = .

.fuse
 *(.fuse)
 *(.lfuse)
 *(.hfuse)
 *(.efuse)

.lock
 *(.lock*)

.signature
 *(.signature*)

.stab           0x00000000     0x46e0
 *(.stab)
 .stab          0x00000000      0x1f8 ./MCAL/WDT/WDT_Prog.o
 .stab          0x000001f8      0x288 ./MCAL/UART/UART_Prog.o
                                0x300 (size before relaxing)
 .stab          0x00000480      0x804 ./MCAL/Timer/Timer_Prog.o
                                0x87c (size before relaxing)
 .stab          0x00000c84      0x21c ./MCAL/SPI/SPI_Prog.o
                                0x294 (size before relaxing)
 .stab          0x00000ea0      0x42c ./MCAL/I2C/I2C_Prog.o
                                0x624 (size before relaxing)
 .stab          0x000012cc      0x15c ./MCAL/GIE/GIE_Prog.o
                                0x1d4 (size before relaxing)
 .stab          0x00001428      0x294 ./MCAL/EXT_INT/EXT_INT_Prog.o
                                0x4c8 (size before relaxing)
 .stab          0x000016bc      0x528 ./MCAL/DIO/DIO_Prog.o
                                0x5a0 (size before relaxing)
 .stab          0x00001be4      0x348 ./MCAL/ADC/ADC_Prog.o
                                0x3c0 (size before relaxing)
 .stab          0x00001f2c      0x234 ./HAL/Servo/Servo_Prog.o
                                0x468 (size before relaxing)
 .stab          0x00002160      0x4d4 ./HAL/SSD/SSD_Prog.o
                                0x6d8 (size before relaxing)
 .stab          0x00002634      0x3f0 ./HAL/PB/PB_Prog.o
                                0x5f4 (size before relaxing)
 .stab          0x00002a24      0x18c ./HAL/LM35/LM35_Prog.o
                                0x204 (size before relaxing)
 .stab          0x00002bb0      0x24c ./HAL/LED/LED_Prog.o
                                0x2c4 (size before relaxing)
 .stab          0x00002dfc      0x69c ./HAL/LCD/LCD_Prog.o
                                0x8ac (size before relaxing)
 .stab          0x00003498      0x3cc ./HAL/KeyPad/KeyPad_Prog.o
                                0x5d0 (size before relaxing)
 .stab          0x00003864      0x294 ./HAL/DCMotor/DCMotor_prog.o
                                0x4d4 (size before relaxing)
 .stab          0x00003af8      0x288 ./HAL/Buzzer/Buzzer_Prog.o
                                0x498 (size before relaxing)
 .stab          0x00003d80      0x360 ./HAL/AT24C16A/AT24C16A_Prog.o
                                0x570 (size before relaxing)
 .stab          0x000040e0      0x264 ./APP/Projects/Project.o
                                0x468 (size before relaxing)
 .stab          0x00004344      0x39c ./APP/main.o
                                0x5dc (size before relaxing)

.stabstr        0x00000000     0x1f67
 *(.stabstr)
 .stabstr       0x00000000     0x1f67 ./MCAL/WDT/WDT_Prog.o

.stab.excl
 *(.stab.excl)

.stab.exclstr
 *(.stab.exclstr)

.stab.index
 *(.stab.index)

.stab.indexstr
 *(.stab.indexstr)

.comment
 *(.comment)

.debug
 *(.debug)

.line
 *(.line)

.debug_srcinfo
 *(.debug_srcinfo)

.debug_sfnames
 *(.debug_sfnames)

.debug_aranges  0x00000000      0x180
 *(.debug_aranges)
 .debug_aranges
                0x00000000       0x20 d:/embedded system course/tooling/sdk_win_64/sdk_win_64/winavr/bin/../lib/gcc/avr/4.3.3/avr5\libgcc.a(_fixunssfsi.o)
 .debug_aranges
                0x00000020       0x20 d:/embedded system course/tooling/sdk_win_64/sdk_win_64/winavr/bin/../lib/gcc/avr/4.3.3/avr5\libgcc.a(_addsub_sf.o)
 .debug_aranges
                0x00000040       0x20 d:/embedded system course/tooling/sdk_win_64/sdk_win_64/winavr/bin/../lib/gcc/avr/4.3.3/avr5\libgcc.a(_mul_sf.o)
 .debug_aranges
                0x00000060       0x20 d:/embedded system course/tooling/sdk_win_64/sdk_win_64/winavr/bin/../lib/gcc/avr/4.3.3/avr5\libgcc.a(_div_sf.o)
 .debug_aranges
                0x00000080       0x20 d:/embedded system course/tooling/sdk_win_64/sdk_win_64/winavr/bin/../lib/gcc/avr/4.3.3/avr5\libgcc.a(_ge_sf.o)
 .debug_aranges
                0x000000a0       0x20 d:/embedded system course/tooling/sdk_win_64/sdk_win_64/winavr/bin/../lib/gcc/avr/4.3.3/avr5\libgcc.a(_si_to_sf.o)
 .debug_aranges
                0x000000c0       0x20 d:/embedded system course/tooling/sdk_win_64/sdk_win_64/winavr/bin/../lib/gcc/avr/4.3.3/avr5\libgcc.a(_sf_to_si.o)
 .debug_aranges
                0x000000e0       0x20 d:/embedded system course/tooling/sdk_win_64/sdk_win_64/winavr/bin/../lib/gcc/avr/4.3.3/avr5\libgcc.a(_usi_to_sf.o)
 .debug_aranges
                0x00000100       0x20 d:/embedded system course/tooling/sdk_win_64/sdk_win_64/winavr/bin/../lib/gcc/avr/4.3.3/avr5\libgcc.a(_clzsi2.o)
 .debug_aranges
                0x00000120       0x20 d:/embedded system course/tooling/sdk_win_64/sdk_win_64/winavr/bin/../lib/gcc/avr/4.3.3/avr5\libgcc.a(_pack_sf.o)
 .debug_aranges
                0x00000140       0x20 d:/embedded system course/tooling/sdk_win_64/sdk_win_64/winavr/bin/../lib/gcc/avr/4.3.3/avr5\libgcc.a(_unpack_sf.o)
 .debug_aranges
                0x00000160       0x20 d:/embedded system course/tooling/sdk_win_64/sdk_win_64/winavr/bin/../lib/gcc/avr/4.3.3/avr5\libgcc.a(_fpcmp_parts_sf.o)

.debug_pubnames
                0x00000000      0x1d8
 *(.debug_pubnames)
 .debug_pubnames
                0x00000000       0x23 d:/embedded system course/tooling/sdk_win_64/sdk_win_64/winavr/bin/../lib/gcc/avr/4.3.3/avr5\libgcc.a(_fixunssfsi.o)
 .debug_pubnames
                0x00000023       0x2c d:/embedded system course/tooling/sdk_win_64/sdk_win_64/winavr/bin/../lib/gcc/avr/4.3.3/avr5\libgcc.a(_addsub_sf.o)
 .debug_pubnames
                0x0000004f       0x1f d:/embedded system course/tooling/sdk_win_64/sdk_win_64/winavr/bin/../lib/gcc/avr/4.3.3/avr5\libgcc.a(_mul_sf.o)
 .debug_pubnames
                0x0000006e       0x1f d:/embedded system course/tooling/sdk_win_64/sdk_win_64/winavr/bin/../lib/gcc/avr/4.3.3/avr5\libgcc.a(_div_sf.o)
 .debug_pubnames
                0x0000008d       0x1e d:/embedded system course/tooling/sdk_win_64/sdk_win_64/winavr/bin/../lib/gcc/avr/4.3.3/avr5\libgcc.a(_ge_sf.o)
 .debug_pubnames
                0x000000ab       0x22 d:/embedded system course/tooling/sdk_win_64/sdk_win_64/winavr/bin/../lib/gcc/avr/4.3.3/avr5\libgcc.a(_si_to_sf.o)
 .debug_pubnames
                0x000000cd       0x20 d:/embedded system course/tooling/sdk_win_64/sdk_win_64/winavr/bin/../lib/gcc/avr/4.3.3/avr5\libgcc.a(_sf_to_si.o)
 .debug_pubnames
                0x000000ed       0x22 d:/embedded system course/tooling/sdk_win_64/sdk_win_64/winavr/bin/../lib/gcc/avr/4.3.3/avr5\libgcc.a(_thenan_sf.o)
 .debug_pubnames
                0x0000010f       0x24 d:/embedded system course/tooling/sdk_win_64/sdk_win_64/winavr/bin/../lib/gcc/avr/4.3.3/avr5\libgcc.a(_usi_to_sf.o)
 .debug_pubnames
                0x00000133       0x1f d:/embedded system course/tooling/sdk_win_64/sdk_win_64/winavr/bin/../lib/gcc/avr/4.3.3/avr5\libgcc.a(_clzsi2.o)
 .debug_pubnames
                0x00000152       0x1f d:/embedded system course/tooling/sdk_win_64/sdk_win_64/winavr/bin/../lib/gcc/avr/4.3.3/avr5\libgcc.a(_pack_sf.o)
 .debug_pubnames
                0x00000171       0x21 d:/embedded system course/tooling/sdk_win_64/sdk_win_64/winavr/bin/../lib/gcc/avr/4.3.3/avr5\libgcc.a(_unpack_sf.o)
 .debug_pubnames
                0x00000192       0x26 d:/embedded system course/tooling/sdk_win_64/sdk_win_64/winavr/bin/../lib/gcc/avr/4.3.3/avr5\libgcc.a(_fpcmp_parts_sf.o)
 .debug_pubnames
                0x000001b8       0x20 d:/embedded system course/tooling/sdk_win_64/sdk_win_64/winavr/bin/../lib/gcc/avr/4.3.3/avr5\libgcc.a(_clz.o)

.debug_info     0x00000000     0x2114
 *(.debug_info)
 .debug_info    0x00000000       0xb1 d:/embedded system course/tooling/sdk_win_64/sdk_win_64/winavr/bin/../lib/gcc/avr/4.3.3/avr5\libgcc.a(_fixunssfsi.o)
 .debug_info    0x000000b1      0x47a d:/embedded system course/tooling/sdk_win_64/sdk_win_64/winavr/bin/../lib/gcc/avr/4.3.3/avr5\libgcc.a(_addsub_sf.o)
 .debug_info    0x0000052b      0x485 d:/embedded system course/tooling/sdk_win_64/sdk_win_64/winavr/bin/../lib/gcc/avr/4.3.3/avr5\libgcc.a(_mul_sf.o)
 .debug_info    0x000009b0      0x3fc d:/embedded system course/tooling/sdk_win_64/sdk_win_64/winavr/bin/../lib/gcc/avr/4.3.3/avr5\libgcc.a(_div_sf.o)
 .debug_info    0x00000dac      0x27f d:/embedded system course/tooling/sdk_win_64/sdk_win_64/winavr/bin/../lib/gcc/avr/4.3.3/avr5\libgcc.a(_ge_sf.o)
 .debug_info    0x0000102b      0x207 d:/embedded system course/tooling/sdk_win_64/sdk_win_64/winavr/bin/../lib/gcc/avr/4.3.3/avr5\libgcc.a(_si_to_sf.o)
 .debug_info    0x00001232      0x2b0 d:/embedded system course/tooling/sdk_win_64/sdk_win_64/winavr/bin/../lib/gcc/avr/4.3.3/avr5\libgcc.a(_sf_to_si.o)
 .debug_info    0x000014e2      0x12c d:/embedded system course/tooling/sdk_win_64/sdk_win_64/winavr/bin/../lib/gcc/avr/4.3.3/avr5\libgcc.a(_thenan_sf.o)
 .debug_info    0x0000160e      0x206 d:/embedded system course/tooling/sdk_win_64/sdk_win_64/winavr/bin/../lib/gcc/avr/4.3.3/avr5\libgcc.a(_usi_to_sf.o)
 .debug_info    0x00001814      0x117 d:/embedded system course/tooling/sdk_win_64/sdk_win_64/winavr/bin/../lib/gcc/avr/4.3.3/avr5\libgcc.a(_clzsi2.o)
 .debug_info    0x0000192b      0x2df d:/embedded system course/tooling/sdk_win_64/sdk_win_64/winavr/bin/../lib/gcc/avr/4.3.3/avr5\libgcc.a(_pack_sf.o)
 .debug_info    0x00001c0a      0x251 d:/embedded system course/tooling/sdk_win_64/sdk_win_64/winavr/bin/../lib/gcc/avr/4.3.3/avr5\libgcc.a(_unpack_sf.o)
 .debug_info    0x00001e5b      0x210 d:/embedded system course/tooling/sdk_win_64/sdk_win_64/winavr/bin/../lib/gcc/avr/4.3.3/avr5\libgcc.a(_fpcmp_parts_sf.o)
 .debug_info    0x0000206b       0xa9 d:/embedded system course/tooling/sdk_win_64/sdk_win_64/winavr/bin/../lib/gcc/avr/4.3.3/avr5\libgcc.a(_clz.o)
 *(.gnu.linkonce.wi.*)

.debug_abbrev   0x00000000     0x121a
 *(.debug_abbrev)
 .debug_abbrev  0x00000000       0x5d d:/embedded system course/tooling/sdk_win_64/sdk_win_64/winavr/bin/../lib/gcc/avr/4.3.3/avr5\libgcc.a(_fixunssfsi.o)
 .debug_abbrev  0x0000005d      0x1ea d:/embedded system course/tooling/sdk_win_64/sdk_win_64/winavr/bin/../lib/gcc/avr/4.3.3/avr5\libgcc.a(_addsub_sf.o)
 .debug_abbrev  0x00000247      0x21b d:/embedded system course/tooling/sdk_win_64/sdk_win_64/winavr/bin/../lib/gcc/avr/4.3.3/avr5\libgcc.a(_mul_sf.o)
 .debug_abbrev  0x00000462      0x216 d:/embedded system course/tooling/sdk_win_64/sdk_win_64/winavr/bin/../lib/gcc/avr/4.3.3/avr5\libgcc.a(_div_sf.o)
 .debug_abbrev  0x00000678      0x15a d:/embedded system course/tooling/sdk_win_64/sdk_win_64/winavr/bin/../lib/gcc/avr/4.3.3/avr5\libgcc.a(_ge_sf.o)
 .debug_abbrev  0x000007d2      0x148 d:/embedded system course/tooling/sdk_win_64/sdk_win_64/winavr/bin/../lib/gcc/avr/4.3.3/avr5\libgcc.a(_si_to_sf.o)
 .debug_abbrev  0x0000091a      0x17f d:/embedded system course/tooling/sdk_win_64/sdk_win_64/winavr/bin/../lib/gcc/avr/4.3.3/avr5\libgcc.a(_sf_to_si.o)
 .debug_abbrev  0x00000a99       0xad d:/embedded system course/tooling/sdk_win_64/sdk_win_64/winavr/bin/../lib/gcc/avr/4.3.3/avr5\libgcc.a(_thenan_sf.o)
 .debug_abbrev  0x00000b46      0x157 d:/embedded system course/tooling/sdk_win_64/sdk_win_64/winavr/bin/../lib/gcc/avr/4.3.3/avr5\libgcc.a(_usi_to_sf.o)
 .debug_abbrev  0x00000c9d       0xc4 d:/embedded system course/tooling/sdk_win_64/sdk_win_64/winavr/bin/../lib/gcc/avr/4.3.3/avr5\libgcc.a(_clzsi2.o)
 .debug_abbrev  0x00000d61      0x1c0 d:/embedded system course/tooling/sdk_win_64/sdk_win_64/winavr/bin/../lib/gcc/avr/4.3.3/avr5\libgcc.a(_pack_sf.o)
 .debug_abbrev  0x00000f21      0x154 d:/embedded system course/tooling/sdk_win_64/sdk_win_64/winavr/bin/../lib/gcc/avr/4.3.3/avr5\libgcc.a(_unpack_sf.o)
 .debug_abbrev  0x00001075      0x13b d:/embedded system course/tooling/sdk_win_64/sdk_win_64/winavr/bin/../lib/gcc/avr/4.3.3/avr5\libgcc.a(_fpcmp_parts_sf.o)
 .debug_abbrev  0x000011b0       0x6a d:/embedded system course/tooling/sdk_win_64/sdk_win_64/winavr/bin/../lib/gcc/avr/4.3.3/avr5\libgcc.a(_clz.o)

.debug_line     0x00000000     0x1165
 *(.debug_line)
 .debug_line    0x00000000       0xa7 d:/embedded system course/tooling/sdk_win_64/sdk_win_64/winavr/bin/../lib/gcc/avr/4.3.3/avr5\libgcc.a(_fixunssfsi.o)
 .debug_line    0x000000a7      0x2af d:/embedded system course/tooling/sdk_win_64/sdk_win_64/winavr/bin/../lib/gcc/avr/4.3.3/avr5\libgcc.a(_addsub_sf.o)
 .debug_line    0x00000356      0x239 d:/embedded system course/tooling/sdk_win_64/sdk_win_64/winavr/bin/../lib/gcc/avr/4.3.3/avr5\libgcc.a(_mul_sf.o)
 .debug_line    0x0000058f      0x1d5 d:/embedded system course/tooling/sdk_win_64/sdk_win_64/winavr/bin/../lib/gcc/avr/4.3.3/avr5\libgcc.a(_div_sf.o)
 .debug_line    0x00000764       0xd3 d:/embedded system course/tooling/sdk_win_64/sdk_win_64/winavr/bin/../lib/gcc/avr/4.3.3/avr5\libgcc.a(_ge_sf.o)
 .debug_line    0x00000837      0x135 d:/embedded system course/tooling/sdk_win_64/sdk_win_64/winavr/bin/../lib/gcc/avr/4.3.3/avr5\libgcc.a(_si_to_sf.o)
 .debug_line    0x0000096c      0x109 d:/embedded system course/tooling/sdk_win_64/sdk_win_64/winavr/bin/../lib/gcc/avr/4.3.3/avr5\libgcc.a(_sf_to_si.o)
 .debug_line    0x00000a75       0x90 d:/embedded system course/tooling/sdk_win_64/sdk_win_64/winavr/bin/../lib/gcc/avr/4.3.3/avr5\libgcc.a(_thenan_sf.o)
 .debug_line    0x00000b05      0x133 d:/embedded system course/tooling/sdk_win_64/sdk_win_64/winavr/bin/../lib/gcc/avr/4.3.3/avr5\libgcc.a(_usi_to_sf.o)
 .debug_line    0x00000c38       0xa5 d:/embedded system course/tooling/sdk_win_64/sdk_win_64/winavr/bin/../lib/gcc/avr/4.3.3/avr5\libgcc.a(_clzsi2.o)
 .debug_line    0x00000cdd      0x18a d:/embedded system course/tooling/sdk_win_64/sdk_win_64/winavr/bin/../lib/gcc/avr/4.3.3/avr5\libgcc.a(_pack_sf.o)
 .debug_line    0x00000e67      0x14b d:/embedded system course/tooling/sdk_win_64/sdk_win_64/winavr/bin/../lib/gcc/avr/4.3.3/avr5\libgcc.a(_unpack_sf.o)
 .debug_line    0x00000fb2      0x137 d:/embedded system course/tooling/sdk_win_64/sdk_win_64/winavr/bin/../lib/gcc/avr/4.3.3/avr5\libgcc.a(_fpcmp_parts_sf.o)
 .debug_line    0x000010e9       0x7c d:/embedded system course/tooling/sdk_win_64/sdk_win_64/winavr/bin/../lib/gcc/avr/4.3.3/avr5\libgcc.a(_clz.o)

.debug_frame    0x00000000      0x1a0
 *(.debug_frame)
 .debug_frame   0x00000000       0x20 d:/embedded system course/tooling/sdk_win_64/sdk_win_64/winavr/bin/../lib/gcc/avr/4.3.3/avr5\libgcc.a(_fixunssfsi.o)
 .debug_frame   0x00000020       0x40 d:/embedded system course/tooling/sdk_win_64/sdk_win_64/winavr/bin/../lib/gcc/avr/4.3.3/avr5\libgcc.a(_addsub_sf.o)
 .debug_frame   0x00000060       0x20 d:/embedded system course/tooling/sdk_win_64/sdk_win_64/winavr/bin/../lib/gcc/avr/4.3.3/avr5\libgcc.a(_mul_sf.o)
 .debug_frame   0x00000080       0x20 d:/embedded system course/tooling/sdk_win_64/sdk_win_64/winavr/bin/../lib/gcc/avr/4.3.3/avr5\libgcc.a(_div_sf.o)
 .debug_frame   0x000000a0       0x20 d:/embedded system course/tooling/sdk_win_64/sdk_win_64/winavr/bin/../lib/gcc/avr/4.3.3/avr5\libgcc.a(_ge_sf.o)
 .debug_frame   0x000000c0       0x20 d:/embedded system course/tooling/sdk_win_64/sdk_win_64/winavr/bin/../lib/gcc/avr/4.3.3/avr5\libgcc.a(_si_to_sf.o)
 .debug_frame   0x000000e0       0x20 d:/embedded system course/tooling/sdk_win_64/sdk_win_64/winavr/bin/../lib/gcc/avr/4.3.3/avr5\libgcc.a(_sf_to_si.o)
 .debug_frame   0x00000100       0x20 d:/embedded system course/tooling/sdk_win_64/sdk_win_64/winavr/bin/../lib/gcc/avr/4.3.3/avr5\libgcc.a(_usi_to_sf.o)
 .debug_frame   0x00000120       0x20 d:/embedded system course/tooling/sdk_win_64/sdk_win_64/winavr/bin/../lib/gcc/avr/4.3.3/avr5\libgcc.a(_clzsi2.o)
 .debug_frame   0x00000140       0x20 d:/embedded system course/tooling/sdk_win_64/sdk_win_64/winavr/bin/../lib/gcc/avr/4.3.3/avr5\libgcc.a(_pack_sf.o)
 .debug_frame   0x00000160       0x20 d:/embedded system course/tooling/sdk_win_64/sdk_win_64/winavr/bin/../lib/gcc/avr/4.3.3/avr5\libgcc.a(_unpack_sf.o)
 .debug_frame   0x00000180       0x20 d:/embedded system course/tooling/sdk_win_64/sdk_win_64/winavr/bin/../lib/gcc/avr/4.3.3/avr5\libgcc.a(_fpcmp_parts_sf.o)

.debug_str      0x00000000      0x2f7
 *(.debug_str)
 .debug_str     0x00000000       0xbf d:/embedded system course/tooling/sdk_win_64/sdk_win_64/winavr/bin/../lib/gcc/avr/4.3.3/avr5\libgcc.a(_fixunssfsi.o)
                                 0xfe (size before relaxing)
 .debug_str     0x000000bf      0x14d d:/embedded system course/tooling/sdk_win_64/sdk_win_64/winavr/bin/../lib/gcc/avr/4.3.3/avr5\libgcc.a(_addsub_sf.o)
                                0x206 (size before relaxing)
 .debug_str     0x0000020c       0x27 d:/embedded system course/tooling/sdk_win_64/sdk_win_64/winavr/bin/../lib/gcc/avr/4.3.3/avr5\libgcc.a(_mul_sf.o)
                                0x1bf (size before relaxing)
 .debug_str     0x00000233       0x35 d:/embedded system course/tooling/sdk_win_64/sdk_win_64/winavr/bin/../lib/gcc/avr/4.3.3/avr5\libgcc.a(_div_sf.o)
                                0x1c8 (size before relaxing)
 .debug_str     0x00000268        0x8 d:/embedded system course/tooling/sdk_win_64/sdk_win_64/winavr/bin/../lib/gcc/avr/4.3.3/avr5\libgcc.a(_ge_sf.o)
                                0x195 (size before relaxing)
 .debug_str     0x00000270       0x1e d:/embedded system course/tooling/sdk_win_64/sdk_win_64/winavr/bin/../lib/gcc/avr/4.3.3/avr5\libgcc.a(_si_to_sf.o)
                                0x17b (size before relaxing)
 .debug_str     0x0000028e        0xa d:/embedded system course/tooling/sdk_win_64/sdk_win_64/winavr/bin/../lib/gcc/avr/4.3.3/avr5\libgcc.a(_sf_to_si.o)
                                0x19e (size before relaxing)
 .debug_str     0x00000000      0x103 d:/embedded system course/tooling/sdk_win_64/sdk_win_64/winavr/bin/../lib/gcc/avr/4.3.3/avr5\libgcc.a(_thenan_sf.o)
 .debug_str     0x00000298       0x14 d:/embedded system course/tooling/sdk_win_64/sdk_win_64/winavr/bin/../lib/gcc/avr/4.3.3/avr5\libgcc.a(_usi_to_sf.o)
                                0x177 (size before relaxing)
 .debug_str     0x000002ac       0x20 d:/embedded system course/tooling/sdk_win_64/sdk_win_64/winavr/bin/../lib/gcc/avr/4.3.3/avr5\libgcc.a(_clzsi2.o)
                                0x111 (size before relaxing)
 .debug_str     0x000002cc       0x10 d:/embedded system course/tooling/sdk_win_64/sdk_win_64/winavr/bin/../lib/gcc/avr/4.3.3/avr5\libgcc.a(_pack_sf.o)
                                0x19d (size before relaxing)
 .debug_str     0x000002dc        0xb d:/embedded system course/tooling/sdk_win_64/sdk_win_64/winavr/bin/../lib/gcc/avr/4.3.3/avr5\libgcc.a(_unpack_sf.o)
                                0x17f (size before relaxing)
 .debug_str     0x000002e7       0x10 d:/embedded system course/tooling/sdk_win_64/sdk_win_64/winavr/bin/../lib/gcc/avr/4.3.3/avr5\libgcc.a(_fpcmp_parts_sf.o)
                                0x163 (size before relaxing)
 .debug_str     0x00000000       0xf4 d:/embedded system course/tooling/sdk_win_64/sdk_win_64/winavr/bin/../lib/gcc/avr/4.3.3/avr5\libgcc.a(_clz.o)

.debug_loc      0x00000000      0x9a2
 *(.debug_loc)
 .debug_loc     0x00000000       0x34 d:/embedded system course/tooling/sdk_win_64/sdk_win_64/winavr/bin/../lib/gcc/avr/4.3.3/avr5\libgcc.a(_fixunssfsi.o)
 .debug_loc     0x00000034      0x32a d:/embedded system course/tooling/sdk_win_64/sdk_win_64/winavr/bin/../lib/gcc/avr/4.3.3/avr5\libgcc.a(_addsub_sf.o)
 .debug_loc     0x0000035e      0x104 d:/embedded system course/tooling/sdk_win_64/sdk_win_64/winavr/bin/../lib/gcc/avr/4.3.3/avr5\libgcc.a(_mul_sf.o)
 .debug_loc     0x00000462       0xc0 d:/embedded system course/tooling/sdk_win_64/sdk_win_64/winavr/bin/../lib/gcc/avr/4.3.3/avr5\libgcc.a(_div_sf.o)
 .debug_loc     0x00000522       0x3c d:/embedded system course/tooling/sdk_win_64/sdk_win_64/winavr/bin/../lib/gcc/avr/4.3.3/avr5\libgcc.a(_ge_sf.o)
 .debug_loc     0x0000055e       0xac d:/embedded system course/tooling/sdk_win_64/sdk_win_64/winavr/bin/../lib/gcc/avr/4.3.3/avr5\libgcc.a(_si_to_sf.o)
 .debug_loc     0x0000060a       0x7e d:/embedded system course/tooling/sdk_win_64/sdk_win_64/winavr/bin/../lib/gcc/avr/4.3.3/avr5\libgcc.a(_sf_to_si.o)
 .debug_loc     0x00000688       0x4c d:/embedded system course/tooling/sdk_win_64/sdk_win_64/winavr/bin/../lib/gcc/avr/4.3.3/avr5\libgcc.a(_usi_to_sf.o)
 .debug_loc     0x000006d4       0x94 d:/embedded system course/tooling/sdk_win_64/sdk_win_64/winavr/bin/../lib/gcc/avr/4.3.3/avr5\libgcc.a(_clzsi2.o)
 .debug_loc     0x00000768      0x13e d:/embedded system course/tooling/sdk_win_64/sdk_win_64/winavr/bin/../lib/gcc/avr/4.3.3/avr5\libgcc.a(_pack_sf.o)
 .debug_loc     0x000008a6       0xac d:/embedded system course/tooling/sdk_win_64/sdk_win_64/winavr/bin/../lib/gcc/avr/4.3.3/avr5\libgcc.a(_unpack_sf.o)
 .debug_loc     0x00000952       0x50 d:/embedded system course/tooling/sdk_win_64/sdk_win_64/winavr/bin/../lib/gcc/avr/4.3.3/avr5\libgcc.a(_fpcmp_parts_sf.o)

.debug_macinfo
 *(.debug_macinfo)
OUTPUT(509_GROUP.elf elf32-avr)
LOAD linker stubs

.debug_ranges   0x00000000       0x50
 .debug_ranges  0x00000000       0x50 d:/embedded system course/tooling/sdk_win_64/sdk_win_64/winavr/bin/../lib/gcc/avr/4.3.3/avr5\libgcc.a(_mul_sf.o)
